Z:\23IT022\react-springboot-mysql-master\src\main\java\com\saravanan\springboot\springboot\security\JwtRequestFilter.java
Z:\23IT022\react-springboot-mysql-master\src\main\java\com\saravanan\springboot\springboot\security\SecurityConfig.java
Z:\23IT022\react-springboot-mysql-master\src\main\java\com\saravanan\springboot\springboot\service\StudentService.java
Z:\23IT022\react-springboot-mysql-master\src\main\java\com\saravanan\springboot\springboot\SpringbootApplication.java
Z:\23IT022\react-springboot-mysql-master\src\main\java\com\saravanan\springboot\springboot\controller\StudentController.java
Z:\23IT022\react-springboot-mysql-master\src\main\java\com\saravanan\springboot\springboot\dao\UserRepository.java
Z:\23IT022\react-springboot-mysql-master\src\main\java\com\saravanan\springboot\springboot\service\StudentServiceImp.java
Z:\23IT022\react-springboot-mysql-master\src\main\java\com\saravanan\springboot\springboot\dao\StudentDAOImp.java
Z:\23IT022\react-springboot-mysql-master\src\main\java\com\saravanan\springboot\springboot\dto\AuthResponse.java
Z:\23IT022\react-springboot-mysql-master\src\main\java\com\saravanan\springboot\springboot\modal\Student.java
Z:\23IT022\react-springboot-mysql-master\src\main\java\com\saravanan\springboot\springboot\service\CustomUserDetailsService.java
Z:\23IT022\react-springboot-mysql-master\src\main\java\com\saravanan\springboot\springboot\dto\AuthRequest.java
Z:\23IT022\react-springboot-mysql-master\src\main\java\com\saravanan\springboot\springboot\controller\AuthController.java
Z:\23IT022\react-springboot-mysql-master\src\main\java\com\saravanan\springboot\springboot\dao\StudentDAO.java
Z:\23IT022\react-springboot-mysql-master\src\main\java\com\saravanan\springboot\springboot\security\JwtUtil.java
Z:\23IT022\react-springboot-mysql-master\src\main\java\com\saravanan\springboot\springboot\modal\User.java
